npm : npm error code ENOSPC
At line:1 char:1
+ npm run build > build_output.log 2>&1
+ ~~~~~~~~~~~~~~~~~~~~~~~~~~~~~~~~~~~~~
    + CategoryInfo          : NotSpecified: (npm error code ENOSPC:String) [], RemoteException
    + FullyQualifiedErrorId : NativeCommandError
 
npm error syscall write
npm error errno -4055
